module Case7 where

test :: Int
test =
  let y = 5
      x = 3
   in a x y

b :: Num a => a -> a -> a -> a
b x y z = x + y * z

a :: Int -> Int -> Int
a x y = let z = 10 in test + b x y z
