module Case1 where

test = simple

simple :: Bool
simple = True
