module Case10 where

test :: Int
test =
  let x = 3
      y = 3
      z = 4
      h = 9
   in a h x y z

a :: (Integral a1, Integral a2, Integral a3, Integral a4, Num a5) => a4 -> a1 -> a2 -> a3 -> a5
a h x y z =
    fromIntegral x
    + fromIntegral y
    * fromIntegral z
    * fromIntegral h
